// Vitest Snapshot v1, https://vitest.dev/guide/snapshot.html

exports[`uplugin-environment:core > [DTS] valid create module type definition 1`] = `
"// DO NOT EDIT THIS FILE. IT IS GENERATED BY \`unplugin-environment@1.2.5\` - see https://npm.im/unplugin-environment

declare module "@myenv" {
export const env: {
    REACT_APP_NAME: string;
    REACT_APP_VERSION: string;
    REACT_APP_DURATION?: string;
    REACT_APP_PORT: number;
    REACT_APP_DATA: {
        age: number;
        name: string;
    };
    REACT_APP_AGE: number;
}
}"
`;

exports[`uplugin-environment:core > only for knowledge 1`] = `
"{
    [x: string]: string;
}"
`;

exports[`uplugin-environment:core > only for knowledge 2`] = `
"{
    REACT_APP_NAME: string;
    REACT_APP_VERSION: string;
    REACT_APP_AGE: number;
}"
`;

exports[`uplugin-environment:core > valid create module env 1`] = `
{
  "code": "export const env = {"REACT_APP_NAME":"htmx_BTW","REACT_APP_VERSION":"6.6.6"}",
}
`;

exports[`uplugin-environment:core > valid create module env 2`] = `
{
  "code": "export const env = {"REACT_APP_NAME":"htmx_BTW","REACT_APP_VERSION":"6.6.6","REACT_APP_DURATION":"123"}",
}
`;

exports[`uplugin-environment:core > valid create module env 3`] = `
{
  "code": "export const env = {"REACT_APP_NAME":"htmx_BTW","REACT_APP_VERSION":"6.6.6"}",
}
`;

exports[`uplugin-environment:core > valid merge zod schema 1`] = `
"{
    REACT_APP_NAME?: string | undefined;
    REACT_APP_VERSION: string;
}"
`;
